#pragma once

#include <stdint.h>
#include <stdbool.h>

#if defined(_WIN32) || defined(__CYGWIN__)
  #ifdef IK_BUILD_DLL
    #define IK_API __declspec(dllexport)
  #else
    #define IK_API __declspec(dllimport)
  #endif
#else
  #define IK_API __attribute__((visibility("default")))
#endif

#ifdef __cplusplus
extern "C" {
#endif

typedef struct Item {
  int64_t price;
  int64_t qty;
  int64_t discount;
  int64_t tax_rate_ppm;
} Item;

IK_API int32_t calc_items(Item* items, int32_t len, int64_t* out);

#ifdef __cplusplus
}
#endif
