#include "scalar_checked.h"

CK_Status add_i64(int64_t a, int64_t b, int64_t* ck_return) {
  int64_t ik_tmp0;

  if (ck_return == NULL) {
    return CK_ERR_NULL_POINTER;
  }

  if (__builtin_add_overflow(a, b, &ik_tmp0)) {
    return CK_ERR_OVERFLOW;
  }
  *ck_return = ik_tmp0;
  return CK_OK;
}

CK_Status mul_i64(int64_t a, int64_t b, int64_t* ck_return) {
  int64_t ik_tmp0;

  if (ck_return == NULL) {
    return CK_ERR_NULL_POINTER;
  }

  if (__builtin_mul_overflow(a, b, &ik_tmp0)) {
    return CK_ERR_OVERFLOW;
  }
  *ck_return = ik_tmp0;
  return CK_OK;
}

CK_Status div_i64(int64_t a, int64_t b, int64_t* ck_return) {
  int64_t ik_tmp0;

  if (ck_return == NULL) {
    return CK_ERR_NULL_POINTER;
  }

  if (b == 0) {
    return CK_ERR_DIV_BY_ZERO;
  }
  if (a == INT64_MIN && b == -1) {
    return CK_ERR_OVERFLOW;
  }
  ik_tmp0 = a / b;
  *ck_return = ik_tmp0;
  return CK_OK;
}

CK_Status neg_i64(int64_t a, int64_t* ck_return) {
  int64_t ik_tmp0;

  if (ck_return == NULL) {
    return CK_ERR_NULL_POINTER;
  }

  if (a == INT64_MIN) {
    return CK_ERR_OVERFLOW;
  }
  ik_tmp0 = -a;
  *ck_return = ik_tmp0;
  return CK_OK;
}

CK_Status less_i64(int64_t a, int64_t b, bool* ck_return) {
  bool ik_tmp0;

  if (ck_return == NULL) {
    return CK_ERR_NULL_POINTER;
  }

  ik_tmp0 = a < b;
  *ck_return = ik_tmp0;
  return CK_OK;
}
