#pragma once

#include <stdint.h>
#include <stdbool.h>
#include <stddef.h>

#if defined(_WIN32) || defined(__CYGWIN__)
  #ifdef IK_BUILD_DLL
    #define IK_API __declspec(dllexport)
  #else
    #define IK_API __declspec(dllimport)
  #endif
#else
  #define IK_API __attribute__((visibility("default")))
#endif

typedef int32_t IK_Status;

#define IK_OK ((IK_Status)0)
#define IK_ERR_OVERFLOW ((IK_Status)1)
#define IK_ERR_DIV_BY_ZERO ((IK_Status)2)
#define IK_ERR_NULL_POINTER ((IK_Status)3)

#ifdef __cplusplus
extern "C" {
#endif

IK_API IK_Status add_i64(int64_t a, int64_t b, int64_t* ik_return);

IK_API IK_Status max_i32(int32_t a, int32_t b, int32_t* ik_return);

#ifdef __cplusplus
}
#endif
