#pragma once

#include <stdint.h>
#include <stdbool.h>

#if defined(_WIN32) || defined(__CYGWIN__)
  #ifdef CK_BUILD_DLL
    #define CK_API __declspec(dllexport)
  #else
    #define CK_API __declspec(dllimport)
  #endif
#else
  #define CK_API __attribute__((visibility("default")))
#endif

#ifdef __cplusplus
extern "C" {
#endif

CK_API int64_t add_i64(int64_t a, int64_t b);

CK_API int32_t max_i32(int32_t a, int32_t b);

#ifdef __cplusplus
}
#endif
